[2025-12-31 05:08:19] ========================================
[2025-12-31 05:08:19] COMPLAINT CREATE (no photo)
[2025-12-31 05:08:19] User ID: 10, Title: cl
[2025-12-31 05:08:19] ========================================
[2025-12-31 05:08:19] Complaint created! ID: 38
[2025-12-31 05:08:19] Sending notification to managers...
[2025-12-31 05:08:22] ========================================
[2025-12-31 05:08:22] COMPLAINT CREATE (no photo)
[2025-12-31 05:08:22] User ID: 10, Title: cl
[2025-12-31 05:08:22] ========================================
[2025-12-31 05:08:22] Complaint created! ID: 39
[2025-12-31 05:08:22] Sending notification to managers...
[2025-12-31 05:08:26] Notification result: SUCCESS
[2025-12-31 05:08:26] ========================================
[2025-12-31 05:08:28] Notification result: SUCCESS
[2025-12-31 05:08:28] ========================================
[2025-12-31 05:09:34] ========================================
[2025-12-31 05:09:34] COMPLAINT CREATE (no photo)
[2025-12-31 05:09:34] User ID: 11, Title: jejdj
[2025-12-31 05:09:34] ========================================
[2025-12-31 05:09:34] Complaint created! ID: 40
[2025-12-31 05:09:34] Sending notification to managers...
[2025-12-31 05:09:35] Notification result: SUCCESS
[2025-12-31 05:09:35] ========================================
[2025-12-31 05:09:49] ========================================
[2025-12-31 05:09:49] COMPLAINT CREATE (no photo)
[2025-12-31 05:09:49] User ID: 11, Title: u4jr
[2025-12-31 05:09:49] ========================================
[2025-12-31 05:09:49] Complaint created! ID: 41
[2025-12-31 05:09:49] Sending notification to managers...
[2025-12-31 05:09:49] Notification result: SUCCESS
[2025-12-31 05:09:49] ========================================
[2025-12-31 05:10:03] ========================================
[2025-12-31 05:10:03] COMPLAINT CREATE (no photo)
[2025-12-31 05:10:03] User ID: 11, Title: dp
[2025-12-31 05:10:03] ========================================
[2025-12-31 05:10:03] Complaint created! ID: 42
[2025-12-31 05:10:03] Sending notification to managers...
[2025-12-31 05:10:04] Notification result: SUCCESS
[2025-12-31 05:10:04] ========================================
[2025-12-31 05:19:57] ========================================
[2025-12-31 05:19:57] COMPLAINT CREATE (no photo)
[2025-12-31 05:19:57] User ID: 10, Title: cl
[2025-12-31 05:19:57] ========================================
[2025-12-31 05:19:57] Complaint created! ID: 43
[2025-12-31 05:19:57] Sending notification to managers...
[2025-12-31 05:20:03] ========================================
[2025-12-31 05:20:03] COMPLAINT CREATE (no photo)
[2025-12-31 05:20:03] User ID: 10, Title: cl
[2025-12-31 05:20:03] ========================================
[2025-12-31 05:20:03] Complaint created! ID: 44
[2025-12-31 05:20:03] Sending notification to managers...
[2025-12-31 05:20:13] Notification result: SUCCESS
[2025-12-31 05:20:13] ========================================
[2025-12-31 05:20:14] Notification result: SUCCESS
[2025-12-31 05:20:14] ========================================
[2025-12-31 05:22:49] ========================================
[2025-12-31 05:22:49] COMPLAINT CREATE (no photo)
[2025-12-31 05:22:49] User ID: 11, Title: to
[2025-12-31 05:22:49] ========================================
[2025-12-31 05:22:49] Complaint created! ID: 45
[2025-12-31 05:22:49] Sending notification to managers...
[2025-12-31 05:22:50] Notification result: SUCCESS
[2025-12-31 05:22:50] ========================================
[2025-12-31 05:24:53] ========================================
[2025-12-31 05:24:53] COMPLAINT CREATE (no photo)
[2025-12-31 05:24:53] User ID: 11, Title: rip
[2025-12-31 05:24:53] ========================================
[2025-12-31 05:24:53] Complaint created! ID: 46
[2025-12-31 05:24:53] Sending notification to managers...
[2025-12-31 05:24:54] Notification result: SUCCESS
[2025-12-31 05:24:54] ========================================
[2025-12-31 05:25:42] ========================================
[2025-12-31 05:25:42] COMPLAINT CREATE (no photo)
[2025-12-31 05:25:42] User ID: 11, Title: ro
[2025-12-31 05:25:42] ========================================
[2025-12-31 05:25:42] Complaint created! ID: 47
[2025-12-31 05:25:42] Sending notification to managers...
[2025-12-31 05:25:43] Notification result: SUCCESS
[2025-12-31 05:25:43] ========================================
[2025-12-31 05:26:19] ========================================
[2025-12-31 05:26:19] COMPLAINT CREATE (no photo)
[2025-12-31 05:26:19] User ID: 11, Title: ro
[2025-12-31 05:26:19] ========================================
[2025-12-31 05:26:19] Complaint created! ID: 48
[2025-12-31 05:26:19] Sending notification to managers...
[2025-12-31 05:26:20] Notification result: SUCCESS
[2025-12-31 05:26:20] ========================================
[2025-12-31 05:27:11] ========================================
[2025-12-31 05:27:11] COMPLAINT CREATE (no photo)
[2025-12-31 05:27:11] User ID: 11, Title: to
[2025-12-31 05:27:11] ========================================
[2025-12-31 05:27:11] Complaint created! ID: 49
[2025-12-31 05:27:11] Sending notification to managers...
[2025-12-31 05:27:11] Notification result: SUCCESS
[2025-12-31 05:27:11] ========================================
[2025-12-31 05:28:09] ========================================
[2025-12-31 05:28:09] COMPLAINT CREATE (no photo)
[2025-12-31 05:28:09] User ID: 10, Title: di
[2025-12-31 05:28:09] ========================================
[2025-12-31 05:28:09] Complaint created! ID: 50
[2025-12-31 05:28:09] Sending notification to managers...
[2025-12-31 05:28:11] ========================================
[2025-12-31 05:28:11] COMPLAINT CREATE (no photo)
[2025-12-31 05:28:11] User ID: 10, Title: di
[2025-12-31 05:28:11] ========================================
[2025-12-31 05:28:11] Complaint created! ID: 51
[2025-12-31 05:28:11] Sending notification to managers...
[2025-12-31 05:28:13] Notification result: SUCCESS
[2025-12-31 05:28:13] ========================================
[2025-12-31 05:28:13] Notification result: SUCCESS
[2025-12-31 05:28:13] ========================================
[2025-12-31 05:43:11] ========================================
[2025-12-31 05:43:11] COMPLAINT CREATE (no photo)
[2025-12-31 05:43:11] User ID: 10, Title: so
[2025-12-31 05:43:11] ========================================
[2025-12-31 05:43:11] Complaint created! ID: 52
[2025-12-31 05:43:11] Sending notification to managers...
[2025-12-31 05:43:18] ========================================
[2025-12-31 05:43:18] COMPLAINT CREATE (no photo)
[2025-12-31 05:43:18] User ID: 10, Title: so
[2025-12-31 05:43:18] ========================================
[2025-12-31 05:43:18] Complaint created! ID: 53
[2025-12-31 05:43:18] Sending notification to managers...
[2025-12-31 05:43:19] Notification result: SUCCESS
[2025-12-31 05:43:19] ========================================
[2025-12-31 05:43:23] Notification result: SUCCESS
[2025-12-31 05:43:23] ========================================
[2025-12-31 06:29:37] ========================================
[2025-12-31 06:29:37] COMPLAINT CREATE (no photo)
[2025-12-31 06:29:37] User ID: 10, Title: hgg
[2025-12-31 06:29:37] ========================================
[2025-12-31 06:29:37] Complaint created! ID: 54
[2025-12-31 06:29:37] Sending notification to managers...
[2025-12-31 06:29:38] ========================================
[2025-12-31 06:29:38] COMPLAINT CREATE (no photo)
[2025-12-31 06:29:38] User ID: 10, Title: hgg
[2025-12-31 06:29:38] ========================================
[2025-12-31 06:29:38] Complaint created! ID: 55
[2025-12-31 06:29:38] Sending notification to managers...
[2025-12-31 06:29:43] ========================================
[2025-12-31 06:29:43] COMPLAINT CREATE (no photo)
[2025-12-31 06:29:43] User ID: 10, Title: hgg
[2025-12-31 06:29:43] ========================================
[2025-12-31 06:29:43] Complaint created! ID: 56
[2025-12-31 06:29:43] Sending notification to managers...
[2025-12-31 06:29:44] Notification result: SUCCESS
[2025-12-31 06:29:44] Notification result: SUCCESS
[2025-12-31 06:29:44] ========================================
[2025-12-31 06:29:44] ========================================
[2025-12-31 06:29:44] Notification result: SUCCESS
[2025-12-31 06:29:44] ========================================
[2025-12-31 08:03:05] ========================================
[2025-12-31 08:03:05] COMPLAINT CREATE (no photo)
[2025-12-31 08:03:05] User ID: 10, Title: u
[2025-12-31 08:03:05] ========================================
[2025-12-31 08:03:05] Complaint created! ID: 57
[2025-12-31 08:03:05] Sending notification to managers...
[2025-12-31 08:03:06] Notification result: SUCCESS
[2025-12-31 08:03:06] ========================================
[2025-12-31 09:04:11] ========================================
[2025-12-31 09:04:11] COMPLAINT CREATE WITH PHOTO
[2025-12-31 09:04:11] ========================================
[2025-12-31 09:04:11] User ID: 10
[2025-12-31 09:04:11] Title: bbb
[2025-12-31 09:04:11] Description: bbb
[2025-12-31 09:04:11] Location: bbbb
[2025-12-31 09:04:11] Photo uploaded: uploads/complaint_1767168251_temp_upload.jpg
[2025-12-31 09:04:11] Complaint created! ID: 58
[2025-12-31 09:04:11] Sending notification to managers...
[2025-12-31 09:04:11] Title: New Complaint Submitted
[2025-12-31 09:04:11] Message: New complaint: bbb at bbbb
[2025-12-31 09:04:11] Manager tokens:
[2025-12-31 09:04:11]   - Manager Test (manager@test.com): NULL (no token!)
[2025-12-31 09:04:11]   - manager (manager3@gmail.com): HAS TOKEN: cQzM_qQOSuagLhtCJ5YYTK:APA91bE...
[2025-12-31 09:04:11]   - Manager Test (manager2@test.com): NULL (no token!)
[2025-12-31 09:04:11] Total managers found: 3
[2025-12-31 09:04:12] Notification result: SUCCESS
[2025-12-31 09:04:12] ========================================
[2025-12-31 09:55:46] ========================================
[2025-12-31 09:55:46] COMPLAINT CREATE WITH PHOTO
[2025-12-31 09:55:46] ========================================
[2025-12-31 09:55:46] User ID: 10
[2025-12-31 09:55:46] Title: cleaning
[2025-12-31 09:55:46] Description: washroom cleaning
[2025-12-31 09:55:46] Location: SCAD 1st Floor Male Washroom
[2025-12-31 09:55:46] Photo uploaded: uploads/complaint_1767171346_temp_upload.jpg
[2025-12-31 09:55:46] Complaint created! ID: 59
[2025-12-31 09:55:46] Sending notification to managers...
[2025-12-31 09:55:46] Title: New Complaint Submitted
[2025-12-31 09:55:46] Message: New complaint: cleaning at SCAD 1st Floor Male Washroom
[2025-12-31 09:55:46] Manager tokens:
[2025-12-31 09:55:46]   - Manager Test (manager@test.com): NULL (no token!)
[2025-12-31 09:55:46]   - manager (manager3@gmail.com): HAS TOKEN: cQzM_qQOSuagLhtCJ5YYTK:APA91bE...
[2025-12-31 09:55:46]   - Manager Test (manager2@test.com): NULL (no token!)
[2025-12-31 09:55:46] Total managers found: 3
[2025-12-31 09:55:47] Notification result: SUCCESS
[2025-12-31 09:55:47] ========================================
[2025-12-31 09:56:24] ========================================
[2025-12-31 09:56:24] COMPLAINT CREATE WITH PHOTO
[2025-12-31 09:56:24] ========================================
[2025-12-31 09:56:24] User ID: 10
[2025-12-31 09:56:24] Title: cleaning
[2025-12-31 09:56:24] Description: classroom cleaning
[2025-12-31 09:56:24] Location: new scad 1st floor 102
[2025-12-31 09:56:24] Photo uploaded: uploads/complaint_1767171384_temp_upload.jpg
[2025-12-31 09:56:24] Complaint created! ID: 60
[2025-12-31 09:56:24] Sending notification to managers...
[2025-12-31 09:56:24] Title: New Complaint Submitted
[2025-12-31 09:56:24] Message: New complaint: cleaning at new scad 1st floor 102
[2025-12-31 09:56:24] Manager tokens:
[2025-12-31 09:56:24]   - Manager Test (manager@test.com): NULL (no token!)
[2025-12-31 09:56:24]   - manager (manager3@gmail.com): HAS TOKEN: cQzM_qQOSuagLhtCJ5YYTK:APA91bE...
[2025-12-31 09:56:24]   - Manager Test (manager2@test.com): NULL (no token!)
[2025-12-31 09:56:24] Total managers found: 3
[2025-12-31 09:56:24] Notification result: SUCCESS
[2025-12-31 09:56:24] ========================================
[2025-12-31 09:57:30] ========================================
[2025-12-31 09:57:30] COMPLAINT CREATE WITH PHOTO
[2025-12-31 09:57:30] ========================================
[2025-12-31 09:57:30] User ID: 10
[2025-12-31 09:57:30] Title: cleaning
[2025-12-31 09:57:30] Description: dustbin overflow
[2025-12-31 09:57:30] Location: new scad 2nd floor 204
[2025-12-31 09:57:30] Photo uploaded: uploads/complaint_1767171450_temp_upload.jpg
[2025-12-31 09:57:30] Complaint created! ID: 61
[2025-12-31 09:57:30] Sending notification to managers...
[2025-12-31 09:57:30] Title: New Complaint Submitted
[2025-12-31 09:57:30] Message: New complaint: cleaning at new scad 2nd floor 204
[2025-12-31 09:57:30] Manager tokens:
[2025-12-31 09:57:30]   - Manager Test (manager@test.com): NULL (no token!)
[2025-12-31 09:57:30]   - manager (manager3@gmail.com): HAS TOKEN: cQzM_qQOSuagLhtCJ5YYTK:APA91bE...
[2025-12-31 09:57:30]   - Manager Test (manager2@test.com): NULL (no token!)
[2025-12-31 09:57:30] Total managers found: 3
[2025-12-31 09:57:31] Notification result: SUCCESS
[2025-12-31 09:57:31] ========================================
[2025-12-31 09:59:54] ========================================
[2025-12-31 09:59:54] COMPLAINT CREATE WITH PHOTO
[2025-12-31 09:59:54] ========================================
[2025-12-31 09:59:54] User ID: 2
[2025-12-31 09:59:54] Title: cleaning
[2025-12-31 09:59:54] Description: washroom cleaning
[2025-12-31 09:59:54] Location: new scad 3rd floor male washroom
[2025-12-31 09:59:54] Photo uploaded: uploads/complaint_1767171594_temp_upload.jpg
[2025-12-31 09:59:54] Complaint created! ID: 62
[2025-12-31 09:59:54] Sending notification to managers...
[2025-12-31 09:59:54] Title: New Complaint Submitted
[2025-12-31 09:59:54] Message: New complaint: cleaning at new scad 3rd floor male washroom
[2025-12-31 09:59:54] Manager tokens:
[2025-12-31 09:59:54]   - Manager Test (manager@test.com): NULL (no token!)
[2025-12-31 09:59:54]   - manager (manager3@gmail.com): HAS TOKEN: cQzM_qQOSuagLhtCJ5YYTK:APA91bE...
[2025-12-31 09:59:54]   - Manager Test (manager2@test.com): NULL (no token!)
[2025-12-31 09:59:54] Total managers found: 3
[2025-12-31 09:59:55] Notification result: SUCCESS
[2025-12-31 09:59:55] ========================================
[2026-01-02 03:57:55] ========================================
[2026-01-02 03:57:55] COMPLAINT CREATE WITH PHOTO
[2026-01-02 03:57:55] ========================================
[2026-01-02 03:57:55] User ID: 10
[2026-01-02 03:57:55] Title: campus cleaning complaint
[2026-01-02 03:57:55] Description: wash room cleaning
[2026-01-02 03:57:55] Location: sail 302
[2026-01-02 03:57:55] Photo uploaded: uploads/complaint_1767322675_temp_upload.jpg
[2026-01-02 03:57:55] Complaint created! ID: 63
[2026-01-02 03:57:55] Sending notification to managers...
[2026-01-02 03:57:55] Title: New Complaint Submitted
[2026-01-02 03:57:55] Message: New complaint: campus cleaning complaint at sail 302
[2026-01-02 03:57:55] Manager tokens:
[2026-01-02 03:57:55]   - Manager Test (manager@test.com): NULL (no token!)
[2026-01-02 03:57:55]   - manager (manager3@gmail.com): HAS TOKEN: cQzM_qQOSuagLhtCJ5YYTK:APA91bE...
[2026-01-02 03:57:55]   - Manager Test (manager2@test.com): NULL (no token!)
[2026-01-02 03:57:55] Total managers found: 3
[2026-01-02 03:57:56] Notification result: SUCCESS
[2026-01-02 03:57:56] ========================================
[2026-01-02 04:12:07] ========================================
[2026-01-02 04:12:07] COMPLAINT CREATE WITH PHOTO
[2026-01-02 04:12:07] ========================================
[2026-01-02 04:12:07] User ID: 10
[2026-01-02 04:12:07] Title: cleaning
[2026-01-02 04:12:07] Description: washroom cleaning
[2026-01-02 04:12:07] Location: SCAD 1st Floor Male Washroom
[2026-01-02 04:12:07] Photo uploaded: uploads/complaint_1767323527_temp_upload.jpg
[2026-01-02 04:12:07] Complaint created! ID: 64
[2026-01-02 04:12:07] Sending notification to managers...
[2026-01-02 04:12:07] Title: New Complaint Submitted
[2026-01-02 04:12:07] Message: New complaint: cleaning at SCAD 1st Floor Male Washroom
[2026-01-02 04:12:07] Manager tokens:
[2026-01-02 04:12:07]   - Manager Test (manager@test.com): NULL (no token!)
[2026-01-02 04:12:07]   - manager (manager3@gmail.com): HAS TOKEN: cQzM_qQOSuagLhtCJ5YYTK:APA91bE...
[2026-01-02 04:12:07]   - Manager Test (manager2@test.com): NULL (no token!)
[2026-01-02 04:12:07] Total managers found: 3
[2026-01-02 04:12:08] Notification result: FAILED
[2026-01-02 04:12:08] ========================================
[2026-01-02 04:34:46] ========================================
[2026-01-02 04:34:46] COMPLAINT CREATE WITH PHOTO
[2026-01-02 04:34:46] ========================================
[2026-01-02 04:34:46] User ID: 10
[2026-01-02 04:34:46] Title: cleaning
[2026-01-02 04:34:46] Description: floor cleaning
[2026-01-02 04:34:46] Location: new scad 1st floor 102
[2026-01-02 04:34:46] Photo uploaded: uploads/complaint_1767324886_temp_upload.jpg
[2026-01-02 04:34:46] Complaint created! ID: 65
[2026-01-02 04:34:46] Sending notification to managers...
[2026-01-02 04:34:46] Title: New Complaint Submitted
[2026-01-02 04:34:46] Message: New complaint: cleaning at new scad 1st floor 102
[2026-01-02 04:34:46] Manager tokens:
[2026-01-02 04:34:46]   - Manager Test (manager@test.com): NULL (no token!)
[2026-01-02 04:34:46]   - manager (manager3@gmail.com): HAS TOKEN: d3TzVfWRRxCgznuoLoiBiC:APA91bH...
[2026-01-02 04:34:46]   - Manager Test (manager2@test.com): NULL (no token!)
[2026-01-02 04:34:46] Total managers found: 3
[2026-01-02 04:34:47] Notification result: SUCCESS
[2026-01-02 04:34:47] ========================================
[2026-01-03 05:04:06] ========================================
[2026-01-03 05:04:06] COMPLAINT CREATE (no photo)
[2026-01-03 05:04:06] User ID: 9, Title: cleaning
[2026-01-03 05:04:06] ========================================
[2026-01-03 05:04:06] Complaint created! ID: 66
[2026-01-03 05:04:06] Sending notification to managers...
[2026-01-03 05:04:08] Notification result: SUCCESS
[2026-01-03 05:04:08] ========================================
[2026-01-05 03:42:53] ========================================
[2026-01-05 03:42:53] COMPLAINT CREATE WITH PHOTO
[2026-01-05 03:42:53] ========================================
[2026-01-05 03:42:53] User ID: 10
[2026-01-05 03:42:53] Title: cleaning
[2026-01-05 03:42:53] Description: classroom cleaning
[2026-01-05 03:42:53] Location: new scad 1st floor 103
[2026-01-05 03:42:53] Photo uploaded: uploads/complaint_1767580973_temp_upload.jpg
[2026-01-05 03:42:53] Complaint created! ID: 67
[2026-01-05 03:42:53] Sending notification to managers...
[2026-01-05 03:42:53] Title: New Complaint Submitted
[2026-01-05 03:42:53] Message: New complaint: cleaning at new scad 1st floor 103
[2026-01-05 03:42:53] Manager tokens:
[2026-01-05 03:42:53]   - Manager Test (manager@test.com): NULL (no token!)
[2026-01-05 03:42:53]   - manager (manager3@gmail.com): HAS TOKEN: d3TzVfWRRxCgznuoLoiBiC:APA91bH...
[2026-01-05 03:42:53]   - Manager Test (manager2@test.com): NULL (no token!)
[2026-01-05 03:42:53] Total managers found: 3
[2026-01-05 03:42:54] Notification result: SUCCESS
[2026-01-05 03:42:54] ========================================
[2026-01-06 04:24:34] ========================================
[2026-01-06 04:24:34] COMPLAINT CREATE WITH PHOTO
[2026-01-06 04:24:34] ========================================
[2026-01-06 04:24:34] User ID: 9
[2026-01-06 04:24:34] Title: cleaning
[2026-01-06 04:24:34] Description: classroom cleaning
[2026-01-06 04:24:34] Location: new scad 1st floor 104
[2026-01-06 04:24:34] Photo uploaded: uploads/complaint_1767669874_temp_upload.jpg
[2026-01-06 04:24:34] Complaint created! ID: 68
[2026-01-06 04:24:34] Sending notification to managers...
[2026-01-06 04:24:34] Title: New Complaint Submitted
[2026-01-06 04:24:34] Message: New complaint: cleaning at new scad 1st floor 104
[2026-01-06 04:24:34] Manager tokens:
[2026-01-06 04:24:34]   - Manager Test (manager@test.com): NULL (no token!)
[2026-01-06 04:24:34]   - manager (manager3@gmail.com): HAS TOKEN: d3TzVfWRRxCgznuoLoiBiC:APA91bH...
[2026-01-06 04:24:34]   - Manager Test (manager2@test.com): NULL (no token!)
[2026-01-06 04:24:34] Total managers found: 3
[2026-01-06 04:24:35] Notification result: FAILED
[2026-01-06 04:24:35] ========================================
[2026-01-06 04:36:38] ========================================
[2026-01-06 04:36:38] COMPLAINT CREATE (no photo)
[2026-01-06 04:36:38] User ID: 9, Title: cleaning
[2026-01-06 04:36:38] ========================================
[2026-01-06 04:36:38] Complaint created! ID: 69
[2026-01-06 04:36:38] Sending notification to managers...
[2026-01-06 04:36:39] Notification result: SUCCESS
[2026-01-06 04:36:39] ========================================
[2026-01-06 13:29:02] ========================================
[2026-01-06 13:29:02] COMPLAINT CREATE WITH PHOTO
[2026-01-06 13:29:02] ========================================
[2026-01-06 13:29:02] User ID: 9
[2026-01-06 13:29:02] Title: cleaning
[2026-01-06 13:29:02] Description: washroom cleaning
[2026-01-06 13:29:02] Location: new scad 1st floor male washroom
[2026-01-06 13:29:02] Photo uploaded: uploads/complaint_1767702542_temp_upload.jpg
[2026-01-06 13:29:02] Complaint created! ID: 70
[2026-01-06 13:29:02] Sending notification to managers...
[2026-01-06 13:29:02] Title: New Complaint Submitted
[2026-01-06 13:29:02] Message: New complaint: cleaning at new scad 1st floor male washroom
[2026-01-06 13:29:02] Manager tokens:
[2026-01-06 13:29:02]   - Manager Test (manager@test.com): NULL (no token!)
[2026-01-06 13:29:02]   - manager (manager3@gmail.com): HAS TOKEN: drZ___DBS_KEV-F5VmWfPT:APA91bF...
[2026-01-06 13:29:02]   - Manager Test (manager2@test.com): NULL (no token!)
[2026-01-06 13:29:02] Total managers found: 3
[2026-01-06 13:29:04] Notification result: SUCCESS
[2026-01-06 13:29:04] ========================================
[2026-01-06 16:07:56] ========================================
[2026-01-06 16:07:56] COMPLAINT CREATE WITH PHOTO
[2026-01-06 16:07:56] ========================================
[2026-01-06 16:07:56] User ID: 9
[2026-01-06 16:07:56] Title: cleaning
[2026-01-06 16:07:56] Description: washroom cleaning
[2026-01-06 16:07:56] Location: new scad 1st floor male washroom
[2026-01-06 16:07:56] Photo uploaded: uploads/complaint_1767712076_temp_upload.jpg
[2026-01-06 16:07:56] Complaint created! ID: 71
[2026-01-06 16:07:56] Sending notification to managers...
[2026-01-06 16:07:56] Title: New Complaint Submitted
[2026-01-06 16:07:56] Message: New complaint: cleaning at new scad 1st floor male washroom
[2026-01-06 16:07:56] Manager tokens:
[2026-01-06 16:07:56]   - Manager Test (manager@test.com): NULL (no token!)
[2026-01-06 16:07:56]   - manager (manager3@gmail.com): HAS TOKEN: drZ___DBS_KEV-F5VmWfPT:APA91bF...
[2026-01-06 16:07:56]   - Manager Test (manager2@test.com): NULL (no token!)
[2026-01-06 16:07:56] Total managers found: 3
[2026-01-06 16:07:57] Notification result: SUCCESS
[2026-01-06 16:07:57] ========================================
[2026-01-06 16:10:22] ========================================
[2026-01-06 16:10:22] COMPLAINT CREATE WITH PHOTO
[2026-01-06 16:10:22] ========================================
[2026-01-06 16:10:22] User ID: 10
[2026-01-06 16:10:22] Title: cleaning
[2026-01-06 16:10:22] Description: kkkk
[2026-01-06 16:10:22] Location: kkkk
[2026-01-06 16:10:22] Photo uploaded: uploads/complaint_1767712222_temp_upload.jpg
[2026-01-06 16:10:22] Complaint created! ID: 72
[2026-01-06 16:10:22] Sending notification to managers...
[2026-01-06 16:10:22] Title: New Complaint Submitted
[2026-01-06 16:10:22] Message: New complaint: cleaning at kkkk
[2026-01-06 16:10:22] Manager tokens:
[2026-01-06 16:10:22]   - Manager Test (manager@test.com): NULL (no token!)
[2026-01-06 16:10:22]   - manager (manager3@gmail.com): HAS TOKEN: drZ___DBS_KEV-F5VmWfPT:APA91bF...
[2026-01-06 16:10:22]   - Manager Test (manager2@test.com): NULL (no token!)
[2026-01-06 16:10:22] Total managers found: 3
[2026-01-06 16:10:22] Notification result: SUCCESS
[2026-01-06 16:10:22] ========================================
[2026-01-06 16:12:35] ========================================
[2026-01-06 16:12:35] COMPLAINT CREATE WITH PHOTO
[2026-01-06 16:12:35] ========================================
[2026-01-06 16:12:35] User ID: 9
[2026-01-06 16:12:35] Title: kkk
[2026-01-06 16:12:35] Description: kkkk
[2026-01-06 16:12:35] Location: kkk
[2026-01-06 16:12:35] Photo uploaded: uploads/complaint_1767712355_temp_upload.jpg
[2026-01-06 16:12:35] Complaint created! ID: 73
[2026-01-06 16:12:35] Sending notification to managers...
[2026-01-06 16:12:35] Title: New Complaint Submitted
[2026-01-06 16:12:35] Message: New complaint: kkk at kkk
[2026-01-06 16:12:35] Manager tokens:
[2026-01-06 16:12:35]   - Manager Test (manager@test.com): NULL (no token!)
[2026-01-06 16:12:35]   - manager (manager3@gmail.com): HAS TOKEN: drZ___DBS_KEV-F5VmWfPT:APA91bF...
[2026-01-06 16:12:35]   - Manager Test (manager2@test.com): NULL (no token!)
[2026-01-06 16:12:35] Total managers found: 3
[2026-01-06 16:12:35] Notification result: SUCCESS
[2026-01-06 16:12:35] ========================================
[2026-01-06 16:16:14] ========================================
[2026-01-06 16:16:14] COMPLAINT CREATE WITH PHOTO
[2026-01-06 16:16:14] ========================================
[2026-01-06 16:16:14] User ID: 9
[2026-01-06 16:16:14] Title: jkk
[2026-01-06 16:16:14] Description: kk
[2026-01-06 16:16:14] Location: ki
[2026-01-06 16:16:14] Photo uploaded: uploads/complaint_1767712574_temp_upload.jpg
[2026-01-06 16:16:14] Complaint created! ID: 74
[2026-01-06 16:16:14] Sending notification to managers...
[2026-01-06 16:16:14] Title: New Complaint Submitted
[2026-01-06 16:16:14] Message: New complaint: jkk at ki
[2026-01-06 16:16:14] Manager tokens:
[2026-01-06 16:16:14]   - Manager Test (manager@test.com): NULL (no token!)
[2026-01-06 16:16:14]   - manager (manager3@gmail.com): HAS TOKEN: drZ___DBS_KEV-F5VmWfPT:APA91bF...
[2026-01-06 16:16:14]   - Manager Test (manager2@test.com): NULL (no token!)
[2026-01-06 16:16:14] Total managers found: 3
[2026-01-06 16:16:15] Notification result: SUCCESS
[2026-01-06 16:16:15] ========================================
[2026-01-06 16:41:11] ========================================
[2026-01-06 16:41:11] COMPLAINT CREATE (no photo)
[2026-01-06 16:41:11] User ID: 9, Title: kkk
[2026-01-06 16:41:11] ========================================
[2026-01-06 16:41:11] Complaint created! ID: 75
[2026-01-06 16:41:11] Sending notification to managers...
[2026-01-06 16:41:12] Notification result: SUCCESS
[2026-01-06 16:41:12] ========================================
[2026-01-06 16:48:46] ========================================
[2026-01-06 16:48:46] COMPLAINT CREATE WITH PHOTO
[2026-01-06 16:48:46] ========================================
[2026-01-06 16:48:46] User ID: 9
[2026-01-06 16:48:46] Title: kkk
[2026-01-06 16:48:46] Description: rrd
[2026-01-06 16:48:46] Location: zsdd
[2026-01-06 16:48:46] Photo uploaded: uploads/complaint_1767714526_temp_upload.jpg
[2026-01-06 16:48:46] Complaint created! ID: 76
[2026-01-06 16:48:46] Sending notification to managers...
[2026-01-06 16:48:46] Title: New Complaint Submitted
[2026-01-06 16:48:46] Message: New complaint: kkk at zsdd
[2026-01-06 16:48:46] Manager tokens:
[2026-01-06 16:48:46]   - Manager Test (manager@test.com): NULL (no token!)
[2026-01-06 16:48:46]   - manager (manager3@gmail.com): HAS TOKEN: drZ___DBS_KEV-F5VmWfPT:APA91bF...
[2026-01-06 16:48:46]   - Manager Test (manager2@test.com): NULL (no token!)
[2026-01-06 16:48:46] Total managers found: 3
[2026-01-06 16:48:47] Notification result: SUCCESS
[2026-01-06 16:48:47] ========================================
[2026-01-06 16:49:45] ========================================
[2026-01-06 16:49:45] COMPLAINT CREATE (no photo)
[2026-01-06 16:49:45] User ID: 9, Title: hgg
[2026-01-06 16:49:45] ========================================
[2026-01-06 16:49:45] Complaint created! ID: 77
[2026-01-06 16:49:45] Sending notification to managers...
[2026-01-06 16:49:45] Notification result: SUCCESS
[2026-01-06 16:49:45] ========================================
[2026-01-06 16:55:18] ========================================
[2026-01-06 16:55:18] COMPLAINT CREATE (no photo)
[2026-01-06 16:55:18] User ID: 9, Title: cleaning
[2026-01-06 16:55:18] ========================================
[2026-01-06 16:55:18] Complaint created! ID: 78
[2026-01-06 16:55:18] Sending notification to managers...
[2026-01-06 16:55:19] Notification result: SUCCESS
[2026-01-06 16:55:19] ========================================
[2026-01-06 16:59:28] ========================================
[2026-01-06 16:59:28] COMPLAINT CREATE (no photo)
[2026-01-06 16:59:28] User ID: 9, Title: ai
[2026-01-06 16:59:28] ========================================
[2026-01-06 16:59:28] Complaint created! ID: 79
[2026-01-06 16:59:28] Sending notification to managers...
[2026-01-06 16:59:29] Notification result: SUCCESS
[2026-01-06 16:59:29] ========================================
[2026-01-07 03:21:23] ========================================
[2026-01-07 03:21:23] COMPLAINT CREATE (no photo)
[2026-01-07 03:21:23] User ID: 9, Title: cleaning
[2026-01-07 03:21:23] ========================================
[2026-01-07 03:21:23] Complaint created! ID: 80
[2026-01-07 03:21:23] Sending notification to managers...
[2026-01-07 03:21:27] Notification result: SUCCESS
[2026-01-07 03:21:27] ========================================
[2026-01-07 03:23:25] ========================================
[2026-01-07 03:23:25] COMPLAINT CREATE WITH PHOTO
[2026-01-07 03:23:25] ========================================
[2026-01-07 03:23:25] User ID: 9
[2026-01-07 03:23:25] Title: cleaning
[2026-01-07 03:23:25] Description: classroom cleaning
[2026-01-07 03:23:25] Location: new scad 1st floor 103
[2026-01-07 03:23:25] Photo uploaded: uploads/complaint_1767752605_temp_upload.jpg
[2026-01-07 03:23:25] Complaint created! ID: 81
[2026-01-07 03:23:25] Sending notification to managers...
[2026-01-07 03:23:25] Title: New Complaint Submitted
[2026-01-07 03:23:25] Message: New complaint: cleaning at new scad 1st floor 103
[2026-01-07 03:23:25] Manager tokens:
[2026-01-07 03:23:25]   - Manager Test (manager@test.com): NULL (no token!)
[2026-01-07 03:23:25]   - manager (manager3@gmail.com): HAS TOKEN: drZ___DBS_KEV-F5VmWfPT:APA91bF...
[2026-01-07 03:23:25]   - Manager Test (manager2@test.com): NULL (no token!)
[2026-01-07 03:23:25] Total managers found: 3
[2026-01-07 03:23:27] Notification result: SUCCESS
[2026-01-07 03:23:27] ========================================
[2026-01-07 03:23:28] ========================================
[2026-01-07 03:23:28] COMPLAINT CREATE WITH PHOTO
[2026-01-07 03:23:28] ========================================
[2026-01-07 03:23:28] User ID: 9
[2026-01-07 03:23:28] Title: cleaning
[2026-01-07 03:23:28] Description: classroom cleaning
[2026-01-07 03:23:28] Location: new scad 1st floor 103
[2026-01-07 03:23:28] Photo uploaded: uploads/complaint_1767752608_temp_upload.jpg
[2026-01-07 03:23:28] Complaint created! ID: 82
[2026-01-07 03:23:28] Sending notification to managers...
[2026-01-07 03:23:28] Title: New Complaint Submitted
[2026-01-07 03:23:28] Message: New complaint: cleaning at new scad 1st floor 103
[2026-01-07 03:23:28] Manager tokens:
[2026-01-07 03:23:28]   - Manager Test (manager@test.com): NULL (no token!)
[2026-01-07 03:23:28]   - manager (manager3@gmail.com): HAS TOKEN: drZ___DBS_KEV-F5VmWfPT:APA91bF...
[2026-01-07 03:23:28]   - Manager Test (manager2@test.com): NULL (no token!)
[2026-01-07 03:23:28] Total managers found: 3
[2026-01-07 03:23:28] ========================================
[2026-01-07 03:23:28] COMPLAINT CREATE WITH PHOTO
[2026-01-07 03:23:28] ========================================
[2026-01-07 03:23:28] User ID: 9
[2026-01-07 03:23:28] Title: cleaning
[2026-01-07 03:23:28] Description: classroom cleaning
[2026-01-07 03:23:28] Location: new scad 1st floor 103
[2026-01-07 03:23:28] Photo uploaded: uploads/complaint_1767752608_temp_upload.jpg
[2026-01-07 03:23:28] Complaint created! ID: 83
[2026-01-07 03:23:28] Sending notification to managers...
[2026-01-07 03:23:28] Title: New Complaint Submitted
[2026-01-07 03:23:28] Message: New complaint: cleaning at new scad 1st floor 103
[2026-01-07 03:23:28] Manager tokens:
[2026-01-07 03:23:28]   - Manager Test (manager@test.com): NULL (no token!)
[2026-01-07 03:23:28]   - manager (manager3@gmail.com): HAS TOKEN: drZ___DBS_KEV-F5VmWfPT:APA91bF...
[2026-01-07 03:23:28]   - Manager Test (manager2@test.com): NULL (no token!)
[2026-01-07 03:23:28] Total managers found: 3
[2026-01-07 03:23:29] Notification result: SUCCESS
[2026-01-07 03:23:29] ========================================
[2026-01-07 03:23:29] Notification result: SUCCESS
[2026-01-07 03:23:29] ========================================
[2026-01-07 03:53:46] ========================================
[2026-01-07 03:53:46] COMPLAINT CREATE (no photo)
[2026-01-07 03:53:46] User ID: 9, Title: cleaning
[2026-01-07 03:53:46] ========================================
[2026-01-07 03:53:46] Complaint created! ID: 84
[2026-01-07 03:53:46] Sending notification to managers...
[2026-01-07 03:53:47] Notification result: SUCCESS
[2026-01-07 03:53:47] ========================================
[2026-01-07 04:03:10] ========================================
[2026-01-07 04:03:10] COMPLAINT CREATE (no photo)
[2026-01-07 04:03:10] User ID: 9, Title: kkkkk
[2026-01-07 04:03:10] ========================================
[2026-01-07 04:03:10] Complaint created! ID: 85
[2026-01-07 04:03:10] Sending notification to managers...
[2026-01-07 04:03:12] Notification result: SUCCESS
[2026-01-07 04:03:12] ========================================
[2026-01-07 04:06:27] ========================================
[2026-01-07 04:06:27] COMPLAINT CREATE (no photo)
[2026-01-07 04:06:27] User ID: 9, Title: ftt
[2026-01-07 04:06:27] ========================================
[2026-01-07 04:06:27] Complaint created! ID: 86
[2026-01-07 04:06:27] Sending notification to managers...
[2026-01-07 04:06:28] Notification result: SUCCESS
[2026-01-07 04:06:28] ========================================
[2026-01-07 04:13:39] ========================================
[2026-01-07 04:13:39] COMPLAINT CREATE (no photo)
[2026-01-07 04:13:39] User ID: 9, Title: juh
[2026-01-07 04:13:39] ========================================
[2026-01-07 04:13:39] Complaint created! ID: 87
[2026-01-07 04:13:39] Sending notification to managers...
[2026-01-07 04:13:40] Notification result: SUCCESS
[2026-01-07 04:13:40] ========================================
[2026-01-07 04:18:02] ========================================
[2026-01-07 04:18:02] COMPLAINT CREATE WITH PHOTO
[2026-01-07 04:18:02] ========================================
[2026-01-07 04:18:02] User ID: 9
[2026-01-07 04:18:02] Title: hh
[2026-01-07 04:18:02] Description: ghy
[2026-01-07 04:18:02] Location: rtt
[2026-01-07 04:18:02] Photo uploaded: uploads/complaint_1767755882_temp_upload.jpg
[2026-01-07 04:18:02] Complaint created! ID: 88
[2026-01-07 04:18:02] Sending notification to managers...
[2026-01-07 04:18:02] Title: New Complaint Submitted
[2026-01-07 04:18:02] Message: New complaint: hh at rtt
[2026-01-07 04:18:02] Manager tokens:
[2026-01-07 04:18:02]   - Manager Test (manager@test.com): NULL (no token!)
[2026-01-07 04:18:02]   - manager (manager3@gmail.com): HAS TOKEN: drZ___DBS_KEV-F5VmWfPT:APA91bF...
[2026-01-07 04:18:02]   - Manager Test (manager2@test.com): NULL (no token!)
[2026-01-07 04:18:02] Total managers found: 3
[2026-01-07 04:18:03] Notification result: SUCCESS
[2026-01-07 04:18:03] ========================================
[2026-01-07 04:27:33] ========================================
[2026-01-07 04:27:33] COMPLAINT CREATE (no photo)
[2026-01-07 04:27:33] User ID: 9, Title: gyyy
[2026-01-07 04:27:33] ========================================
[2026-01-07 04:27:33] Complaint created! ID: 89
[2026-01-07 04:27:33] Sending notification to managers...
[2026-01-07 04:27:34] Notification result: SUCCESS
[2026-01-07 04:27:34] ========================================
[2026-01-07 04:38:12] ========================================
[2026-01-07 04:38:12] COMPLAINT CREATE (no photo)
[2026-01-07 04:38:12] User ID: 9, Title: gg
[2026-01-07 04:38:12] ========================================
[2026-01-07 04:38:12] Complaint created! ID: 90
[2026-01-07 04:38:12] Sending notification to managers...
[2026-01-07 04:38:12] Notification result: SUCCESS
[2026-01-07 04:38:12] ========================================
[2026-01-07 04:41:23] ========================================
[2026-01-07 04:41:23] COMPLAINT CREATE WITH PHOTO
[2026-01-07 04:41:23] ========================================
[2026-01-07 04:41:23] User ID: 9
[2026-01-07 04:41:23] Title: hjj
[2026-01-07 04:41:23] Description: tuy
[2026-01-07 04:41:23] Location: ttyy
[2026-01-07 04:41:23] Photo uploaded: uploads/complaint_1767757283_temp_upload.jpg
[2026-01-07 04:41:23] Complaint created! ID: 91
[2026-01-07 04:41:23] Sending notification to managers...
[2026-01-07 04:41:23] Title: New Complaint Submitted
[2026-01-07 04:41:23] Message: New complaint: hjj at ttyy
[2026-01-07 04:41:23] Manager tokens:
[2026-01-07 04:41:23]   - Manager Test (manager@test.com): NULL (no token!)
[2026-01-07 04:41:23]   - manager (manager3@gmail.com): HAS TOKEN: drZ___DBS_KEV-F5VmWfPT:APA91bF...
[2026-01-07 04:41:23]   - Manager Test (manager2@test.com): NULL (no token!)
[2026-01-07 04:41:23] Total managers found: 3
[2026-01-07 04:41:24] Notification result: SUCCESS
[2026-01-07 04:41:24] ========================================
[2026-01-07 04:47:33] ========================================
[2026-01-07 04:47:33] COMPLAINT CREATE (no photo)
[2026-01-07 04:47:33] User ID: 9, Title: qqq
[2026-01-07 04:47:33] ========================================
[2026-01-07 04:47:33] Complaint created! ID: 92
[2026-01-07 04:47:33] Sending notification to managers...
[2026-01-07 04:47:34] Notification result: SUCCESS
[2026-01-07 04:47:34] ========================================
[2026-01-07 04:59:54] ========================================
[2026-01-07 04:59:54] COMPLAINT CREATE WITH PHOTO
[2026-01-07 04:59:54] ========================================
[2026-01-07 04:59:54] User ID: 9
[2026-01-07 04:59:54] Title: gh
[2026-01-07 04:59:54] Description: ff
[2026-01-07 04:59:54] Location: ff
[2026-01-07 04:59:54] Photo uploaded: uploads/complaint_1767758394_temp_upload.jpg
[2026-01-07 04:59:54] Complaint created! ID: 93
[2026-01-07 04:59:54] Sending notification to managers...
[2026-01-07 04:59:54] Title: New Complaint Submitted
[2026-01-07 04:59:54] Message: New complaint: gh at ff
[2026-01-07 04:59:54] Manager tokens:
[2026-01-07 04:59:54]   - Manager Test (manager@test.com): NULL (no token!)
[2026-01-07 04:59:54]   - manager (manager3@gmail.com): HAS TOKEN: drZ___DBS_KEV-F5VmWfPT:APA91bF...
[2026-01-07 04:59:54]   - Manager Test (manager2@test.com): NULL (no token!)
[2026-01-07 04:59:54] Total managers found: 3
[2026-01-07 04:59:55] Notification result: SUCCESS
[2026-01-07 04:59:55] ========================================
[2026-01-07 05:01:05] ========================================
[2026-01-07 05:01:05] COMPLAINT CREATE WITH PHOTO
[2026-01-07 05:01:05] ========================================
[2026-01-07 05:01:05] User ID: 9
[2026-01-07 05:01:05] Title: tt
[2026-01-07 05:01:05] Description: rr
[2026-01-07 05:01:05] Location: fff
[2026-01-07 05:01:05] Photo uploaded: uploads/complaint_1767758465_temp_upload.jpg
[2026-01-07 05:01:05] Complaint created! ID: 94
[2026-01-07 05:01:05] Sending notification to managers...
[2026-01-07 05:01:05] Title: New Complaint Submitted
[2026-01-07 05:01:05] Message: New complaint: tt at fff
[2026-01-07 05:01:05] Manager tokens:
[2026-01-07 05:01:05]   - Manager Test (manager@test.com): NULL (no token!)
[2026-01-07 05:01:05]   - manager (manager3@gmail.com): HAS TOKEN: drZ___DBS_KEV-F5VmWfPT:APA91bF...
[2026-01-07 05:01:05]   - Manager Test (manager2@test.com): NULL (no token!)
[2026-01-07 05:01:05] Total managers found: 3
[2026-01-07 05:01:06] Notification result: SUCCESS
[2026-01-07 05:01:06] ========================================
[2026-01-07 05:29:01] ========================================
[2026-01-07 05:29:01] COMPLAINT CREATE WITH PHOTO
[2026-01-07 05:29:01] ========================================
[2026-01-07 05:29:01] User ID: 9
[2026-01-07 05:29:01] Title: kk
[2026-01-07 05:29:01] Description: kkk
[2026-01-07 05:29:01] Location: jk
[2026-01-07 05:29:01] Photo uploaded: uploads/complaint_1767760141_temp_upload.jpg
[2026-01-07 05:29:01] Complaint created! ID: 95
[2026-01-07 05:29:01] Sending notification to managers...
[2026-01-07 05:29:01] Title: New Complaint Submitted
[2026-01-07 05:29:01] Message: New complaint: kk at jk
[2026-01-07 05:29:01] Manager tokens:
[2026-01-07 05:29:01]   - Manager Test (manager@test.com): NULL (no token!)
[2026-01-07 05:29:01]   - manager (manager3@gmail.com): HAS TOKEN: drZ___DBS_KEV-F5VmWfPT:APA91bF...
[2026-01-07 05:29:01]   - Manager Test (manager2@test.com): NULL (no token!)
[2026-01-07 05:29:01] Total managers found: 3
[2026-01-07 05:29:02] Notification result: SUCCESS
[2026-01-07 05:29:02] ========================================
[2026-01-07 05:34:49] ========================================
[2026-01-07 05:34:49] COMPLAINT CREATE WITH PHOTO
[2026-01-07 05:34:49] ========================================
[2026-01-07 05:34:49] User ID: 9
[2026-01-07 05:34:49] Title: tg
[2026-01-07 05:34:49] Description: fr
[2026-01-07 05:34:49] Location: df
[2026-01-07 05:34:49] Photo uploaded: uploads/complaint_1767760489_temp_upload.jpg
[2026-01-07 05:34:49] Complaint created! ID: 96
[2026-01-07 05:34:49] Sending notification to managers...
[2026-01-07 05:34:49] Title: New Complaint Submitted
[2026-01-07 05:34:49] Message: New complaint: tg at df
[2026-01-07 05:34:49] Manager tokens:
[2026-01-07 05:34:49]   - Manager Test (manager@test.com): NULL (no token!)
[2026-01-07 05:34:49]   - manager (manager3@gmail.com): HAS TOKEN: drZ___DBS_KEV-F5VmWfPT:APA91bF...
[2026-01-07 05:34:49]   - Manager Test (manager2@test.com): NULL (no token!)
[2026-01-07 05:34:49] Total managers found: 3
[2026-01-07 05:34:50] Notification result: SUCCESS
[2026-01-07 05:34:50] ========================================
[2026-01-07 05:36:13] ========================================
[2026-01-07 05:36:13] COMPLAINT CREATE WITH PHOTO
[2026-01-07 05:36:13] ========================================
[2026-01-07 05:36:13] User ID: 9
[2026-01-07 05:36:13] Title: cv
[2026-01-07 05:36:13] Description: er
[2026-01-07 05:36:13] Location: fd
[2026-01-07 05:36:13] Photo uploaded: uploads/complaint_1767760573_temp_upload.jpg
[2026-01-07 05:36:13] Complaint created! ID: 97
[2026-01-07 05:36:13] Sending notification to managers...
[2026-01-07 05:36:13] Title: New Complaint Submitted
[2026-01-07 05:36:13] Message: New complaint: cv at fd
[2026-01-07 05:36:13] Manager tokens:
[2026-01-07 05:36:13]   - Manager Test (manager@test.com): NULL (no token!)
[2026-01-07 05:36:13]   - manager (manager3@gmail.com): HAS TOKEN: drZ___DBS_KEV-F5VmWfPT:APA91bF...
[2026-01-07 05:36:13]   - Manager Test (manager2@test.com): NULL (no token!)
[2026-01-07 05:36:13] Total managers found: 3
[2026-01-07 05:36:14] Notification result: SUCCESS
[2026-01-07 05:36:14] ========================================
[2026-01-07 06:35:49] ========================================
[2026-01-07 06:35:49] COMPLAINT CREATE WITH PHOTO
[2026-01-07 06:35:49] ========================================
[2026-01-07 06:35:49] User ID: 9
[2026-01-07 06:35:49] Title: cleaning
[2026-01-07 06:35:50] Description: classroom cleaning
[2026-01-07 06:35:50] Location: new scad 3rd floor 303
[2026-01-07 06:35:50] Photo uploaded: uploads/complaint_1767764150_temp_upload.jpg
[2026-01-07 06:35:50] Complaint created! ID: 98
[2026-01-07 06:35:50] Sending notification to managers...
[2026-01-07 06:35:50] Title: New Complaint Submitted
[2026-01-07 06:35:50] Message: New complaint: cleaning at new scad 3rd floor 303
[2026-01-07 06:35:50] Manager tokens:
[2026-01-07 06:35:50]   - Manager Test (manager@test.com): NULL (no token!)
[2026-01-07 06:35:50]   - manager (manager3@gmail.com): HAS TOKEN: drZ___DBS_KEV-F5VmWfPT:APA91bF...
[2026-01-07 06:35:50]   - Manager Test (manager2@test.com): NULL (no token!)
[2026-01-07 06:35:50] Total managers found: 3
[2026-01-07 06:35:55] ========================================
[2026-01-07 06:35:55] COMPLAINT CREATE WITH PHOTO
[2026-01-07 06:35:55] ========================================
[2026-01-07 06:35:55] User ID: 9
[2026-01-07 06:35:55] Title: cleaning
[2026-01-07 06:35:55] Description: classroom cleaning
[2026-01-07 06:35:55] Location: new scad 3rd floor 303
[2026-01-07 06:35:55] Photo uploaded: uploads/complaint_1767764155_temp_upload.jpg
[2026-01-07 06:35:55] Complaint created! ID: 99
[2026-01-07 06:35:55] Sending notification to managers...
[2026-01-07 06:35:55] Title: New Complaint Submitted
[2026-01-07 06:35:55] Message: New complaint: cleaning at new scad 3rd floor 303
[2026-01-07 06:35:55] Manager tokens:
[2026-01-07 06:35:55]   - Manager Test (manager@test.com): NULL (no token!)
[2026-01-07 06:35:55]   - manager (manager3@gmail.com): HAS TOKEN: drZ___DBS_KEV-F5VmWfPT:APA91bF...
[2026-01-07 06:35:55]   - Manager Test (manager2@test.com): NULL (no token!)
[2026-01-07 06:35:55] Total managers found: 3
[2026-01-07 06:36:01] Notification result: SUCCESS
[2026-01-07 06:36:01] ========================================
[2026-01-07 06:36:01] Notification result: SUCCESS
[2026-01-07 06:36:01] ========================================
[2026-01-07 06:39:29] ========================================
[2026-01-07 06:39:29] COMPLAINT CREATE WITH PHOTO
[2026-01-07 06:39:29] ========================================
[2026-01-07 06:39:29] User ID: 9
[2026-01-07 06:39:29] Title: cleaning
[2026-01-07 06:39:29] Description: classroom cleaning
[2026-01-07 06:39:29] Location: new scad ground floor 006
[2026-01-07 06:39:29] Photo uploaded: uploads/complaint_1767764369_temp_upload.jpg
[2026-01-07 06:39:29] Complaint created! ID: 100
[2026-01-07 06:39:29] Sending notification to managers...
[2026-01-07 06:39:29] Title: New Complaint Submitted
[2026-01-07 06:39:29] Message: New complaint: cleaning at new scad ground floor 006
[2026-01-07 06:39:29] Manager tokens:
[2026-01-07 06:39:29]   - Manager Test (manager@test.com): NULL (no token!)
[2026-01-07 06:39:29]   - manager (manager3@gmail.com): HAS TOKEN: drZ___DBS_KEV-F5VmWfPT:APA91bF...
[2026-01-07 06:39:29]   - Manager Test (manager2@test.com): NULL (no token!)
[2026-01-07 06:39:29] Total managers found: 3
[2026-01-07 06:39:33] ========================================
[2026-01-07 06:39:33] COMPLAINT CREATE WITH PHOTO
[2026-01-07 06:39:33] ========================================
[2026-01-07 06:39:33] User ID: 9
[2026-01-07 06:39:33] Title: cleaning
[2026-01-07 06:39:33] Description: classroom cleaning
[2026-01-07 06:39:33] Location: new scad ground floor 006
[2026-01-07 06:39:33] Photo uploaded: uploads/complaint_1767764373_temp_upload.jpg
[2026-01-07 06:39:33] Complaint created! ID: 101
[2026-01-07 06:39:33] Sending notification to managers...
[2026-01-07 06:39:33] Title: New Complaint Submitted
[2026-01-07 06:39:33] Message: New complaint: cleaning at new scad ground floor 006
[2026-01-07 06:39:33] Manager tokens:
[2026-01-07 06:39:33]   - Manager Test (manager@test.com): NULL (no token!)
[2026-01-07 06:39:33]   - manager (manager3@gmail.com): HAS TOKEN: drZ___DBS_KEV-F5VmWfPT:APA91bF...
[2026-01-07 06:39:33]   - Manager Test (manager2@test.com): NULL (no token!)
[2026-01-07 06:39:33] Total managers found: 3
[2026-01-07 06:39:39] ========================================
[2026-01-07 06:39:39] COMPLAINT CREATE WITH PHOTO
[2026-01-07 06:39:39] ========================================
[2026-01-07 06:39:39] User ID: 9
[2026-01-07 06:39:39] Title: cleaning
[2026-01-07 06:39:39] Description: classroom cleaning
[2026-01-07 06:39:39] Location: new scad ground floor 006
[2026-01-07 06:39:39] Photo uploaded: uploads/complaint_1767764379_temp_upload.jpg
[2026-01-07 06:39:39] Complaint created! ID: 102
[2026-01-07 06:39:39] Sending notification to managers...
[2026-01-07 06:39:39] Title: New Complaint Submitted
[2026-01-07 06:39:39] Message: New complaint: cleaning at new scad ground floor 006
[2026-01-07 06:39:39] Manager tokens:
[2026-01-07 06:39:39]   - Manager Test (manager@test.com): NULL (no token!)
[2026-01-07 06:39:39]   - manager (manager3@gmail.com): HAS TOKEN: drZ___DBS_KEV-F5VmWfPT:APA91bF...
[2026-01-07 06:39:39]   - Manager Test (manager2@test.com): NULL (no token!)
[2026-01-07 06:39:39] Total managers found: 3
[2026-01-07 06:39:41] Notification result: FAILED
[2026-01-07 06:39:41] ========================================
[2026-01-07 06:39:49] Notification result: SUCCESS
[2026-01-07 06:39:49] ========================================
[2026-01-07 06:39:49] Notification result: SUCCESS
[2026-01-07 06:39:49] ========================================
[2026-01-08 04:53:59] ========================================
[2026-01-08 04:53:59] COMPLAINT CREATE WITH PHOTO
[2026-01-08 04:53:59] ========================================
[2026-01-08 04:53:59] User ID: 9
[2026-01-08 04:53:59] Title: cleaning
[2026-01-08 04:53:59] Description: classroom cleaning
[2026-01-08 04:53:59] Location: new scad 1st floor 103
[2026-01-08 04:53:59] Photo uploaded: uploads/complaint_1767844439_temp_upload.jpg
[2026-01-08 04:53:59] Complaint created! ID: 103
[2026-01-08 04:53:59] Sending notification to managers...
[2026-01-08 04:53:59] Title: New Complaint Submitted
[2026-01-08 04:53:59] Message: New complaint: cleaning at new scad 1st floor 103
[2026-01-08 04:53:59] Manager tokens:
[2026-01-08 04:53:59]   - Manager Test (manager@test.com): NULL (no token!)
[2026-01-08 04:53:59]   - manager (manager3@gmail.com): HAS TOKEN: drZ___DBS_KEV-F5VmWfPT:APA91bF...
[2026-01-08 04:53:59]   - Manager Test (manager2@test.com): NULL (no token!)
[2026-01-08 04:53:59] Total managers found: 3
[2026-01-08 04:54:00] Notification result: FAILED
[2026-01-08 04:54:00] ========================================
[2026-01-08 08:56:14] ========================================
[2026-01-08 08:56:14] COMPLAINT CREATE WITH PHOTO
[2026-01-08 08:56:14] COMPLAINT CREATE WITH PHOTO
[2026-01-08 08:56:14] ========================================
[2026-01-08 08:56:14] ========================================
[2026-01-08 08:56:14] User ID: 9
[2026-01-08 08:56:14] User ID: 9
[2026-01-08 08:56:14] Title: bhkk
[2026-01-08 08:56:14] Title: bhkk
[2026-01-08 08:56:14] Description: good xvj
[2026-01-08 08:56:14] Description: good xvj
[2026-01-08 08:56:14] Location: hsjksms
[2026-01-08 08:56:14] Location: hsjksms
[2026-01-08 08:56:14] Complaint created! ID: 104
[2026-01-08 08:56:14] Complaint created! ID: 105
[2026-01-08 08:56:14] Sending notification to managers...
[2026-01-08 08:56:14] Sending notification to managers...
[2026-01-08 08:56:14] Title: New Complaint Submitted
[2026-01-08 08:56:14] Title: New Complaint Submitted
[2026-01-08 08:56:14] Message: New complaint: bhkk at hsjksms
[2026-01-08 08:56:14] Message: New complaint: bhkk at hsjksms
[2026-01-08 08:56:14] Manager tokens:
[2026-01-08 08:56:14]   - Manager Test (manager@test.com): NULL (no token!)
[2026-01-08 08:56:14]   - manager (manager3@gmail.com): HAS TOKEN: d0GRMjZoQmmcV9Wsnj8ZcT:APA91bF...
[2026-01-08 08:56:14]   - Manager Test (manager2@test.com): NULL (no token!)
[2026-01-08 08:56:14] Total managers found: 3
[2026-01-08 08:56:14] Total managers found: 3
[2026-01-08 08:56:15] Notification result: SUCCESS
[2026-01-08 08:56:15] ========================================
[2026-01-08 08:56:15] Notification result: SUCCESS
[2026-01-08 08:56:15] ========================================
[2026-01-21 05:10:58] ========================================
[2026-01-21 05:10:58] COMPLAINT CREATE WITH PHOTO
[2026-01-21 05:10:58] ========================================
[2026-01-21 05:10:58] User ID: 9
[2026-01-21 05:10:58] Title: ragging
[2026-01-21 05:10:58] Description: seniors ragging freshers
[2026-01-21 05:10:58] Location: vaigai hostel
[2026-01-21 05:10:58] Photo uploaded: uploads/complaint_1768968658_temp_upload.jpg
[2026-01-21 05:10:58] ========================================
[2026-01-21 05:10:58] COMPLAINT CREATE WITH PHOTO
[2026-01-21 05:10:58] ========================================
[2026-01-21 05:10:58] User ID: 9
[2026-01-21 05:10:58] Title: ragging
[2026-01-21 05:10:58] Description: seniors ragging freshers
[2026-01-21 05:10:58] Location: vaigai hostel
[2026-01-21 05:10:58] Photo uploaded: uploads/complaint_1768968658_temp_upload.jpg
[2026-01-21 05:10:58] Complaint created! ID: 106
[2026-01-21 05:10:58] Sending notification to managers...
[2026-01-21 05:10:58] Title: New Complaint Submitted
[2026-01-21 05:10:58] Message: New complaint: ragging at vaigai hostel
[2026-01-21 05:10:58] Manager tokens:
[2026-01-21 05:10:58]   - Manager Test (manager@test.com): NULL (no token!)
[2026-01-21 05:10:58]   - manager (manager3@gmail.com): HAS TOKEN: d0GRMjZoQmmcV9Wsnj8ZcT:APA91bF...
[2026-01-21 05:10:58]   - Manager Test (manager2@test.com): NULL (no token!)
[2026-01-21 05:10:58] Total managers found: 3
[2026-01-21 05:10:58] Complaint created! ID: 107
[2026-01-21 05:10:58] Sending notification to managers...
[2026-01-21 05:10:58] Title: New Complaint Submitted
[2026-01-21 05:10:58] Message: New complaint: ragging at vaigai hostel
[2026-01-21 05:10:58] Manager tokens:
[2026-01-21 05:10:58]   - Manager Test (manager@test.com): NULL (no token!)
[2026-01-21 05:10:58]   - manager (manager3@gmail.com): HAS TOKEN: d0GRMjZoQmmcV9Wsnj8ZcT:APA91bF...
[2026-01-21 05:10:58]   - Manager Test (manager2@test.com): NULL (no token!)
[2026-01-21 05:10:58] Total managers found: 3
[2026-01-21 05:10:58] ========================================
[2026-01-21 05:10:58] COMPLAINT CREATE WITH PHOTO
[2026-01-21 05:10:58] ========================================
[2026-01-21 05:10:58] User ID: 9
[2026-01-21 05:10:58] Title: ragging
[2026-01-21 05:10:58] Description: seniors ragging freshers
[2026-01-21 05:10:58] Location: vaigai hostel
[2026-01-21 05:10:58] Photo uploaded: uploads/complaint_1768968658_temp_upload.jpg
[2026-01-21 05:10:58] Complaint created! ID: 108
[2026-01-21 05:10:58] Sending notification to managers...
[2026-01-21 05:10:58] Title: New Complaint Submitted
[2026-01-21 05:10:58] Message: New complaint: ragging at vaigai hostel
[2026-01-21 05:10:58] Manager tokens:
[2026-01-21 05:10:58]   - Manager Test (manager@test.com): NULL (no token!)
[2026-01-21 05:10:58]   - manager (manager3@gmail.com): HAS TOKEN: d0GRMjZoQmmcV9Wsnj8ZcT:APA91bF...
[2026-01-21 05:10:58]   - Manager Test (manager2@test.com): NULL (no token!)
[2026-01-21 05:10:58] Total managers found: 3
[2026-01-21 05:10:58] ========================================
[2026-01-21 05:10:58] COMPLAINT CREATE WITH PHOTO
[2026-01-21 05:10:58] ========================================
[2026-01-21 05:10:58] User ID: 9
[2026-01-21 05:10:58] Title: ragging
[2026-01-21 05:10:58] Description: seniors ragging freshers
[2026-01-21 05:10:58] Location: vaigai hostel
[2026-01-21 05:10:58] Photo uploaded: uploads/complaint_1768968658_temp_upload.jpg
[2026-01-21 05:10:58] Complaint created! ID: 109
[2026-01-21 05:10:58] Sending notification to managers...
[2026-01-21 05:10:58] Title: New Complaint Submitted
[2026-01-21 05:10:58] Message: New complaint: ragging at vaigai hostel
[2026-01-21 05:10:58] Manager tokens:
[2026-01-21 05:10:58]   - Manager Test (manager@test.com): NULL (no token!)
[2026-01-21 05:10:58]   - manager (manager3@gmail.com): HAS TOKEN: d0GRMjZoQmmcV9Wsnj8ZcT:APA91bF...
[2026-01-21 05:10:58]   - Manager Test (manager2@test.com): NULL (no token!)
[2026-01-21 05:10:58] Total managers found: 3
[2026-01-21 05:11:00] ========================================
[2026-01-21 05:11:00] COMPLAINT CREATE WITH PHOTO
[2026-01-21 05:11:00] ========================================
[2026-01-21 05:11:00] User ID: 9
[2026-01-21 05:11:00] Title: ragging
[2026-01-21 05:11:00] Description: seniors ragging freshers
[2026-01-21 05:11:00] Location: vaigai hostel
[2026-01-21 05:11:00] Photo uploaded: uploads/complaint_1768968660_temp_upload.jpg
[2026-01-21 05:11:01] Complaint created! ID: 110
[2026-01-21 05:11:01] Sending notification to managers...
[2026-01-21 05:11:01] Title: New Complaint Submitted
[2026-01-21 05:11:01] Message: New complaint: ragging at vaigai hostel
[2026-01-21 05:11:01] Manager tokens:
[2026-01-21 05:11:01]   - Manager Test (manager@test.com): NULL (no token!)
[2026-01-21 05:11:01]   - manager (manager3@gmail.com): HAS TOKEN: d0GRMjZoQmmcV9Wsnj8ZcT:APA91bF...
[2026-01-21 05:11:01]   - Manager Test (manager2@test.com): NULL (no token!)
[2026-01-21 05:11:01] Total managers found: 3
[2026-01-21 05:11:01] Notification result: FAILED
[2026-01-21 05:11:01] ========================================
[2026-01-21 05:11:01] Notification result: FAILED
[2026-01-21 05:11:01] ========================================
[2026-01-21 05:11:01] Notification result: FAILED
[2026-01-21 05:11:01] ========================================
[2026-01-21 05:11:01] Notification result: FAILED
[2026-01-21 05:11:01] ========================================
[2026-01-21 05:11:03] Notification result: FAILED
[2026-01-21 05:11:03] ========================================
[2026-01-21 05:11:05] ========================================
[2026-01-21 05:11:05] COMPLAINT CREATE WITH PHOTO
[2026-01-21 05:11:05] ========================================
[2026-01-21 05:11:05] User ID: 9
[2026-01-21 05:11:05] Title: ragging
[2026-01-21 05:11:05] Description: seniors ragging freshers
[2026-01-21 05:11:05] Location: vaigai hostel
[2026-01-21 05:11:05] Photo uploaded: uploads/complaint_1768968665_temp_upload.jpg
[2026-01-21 05:11:05] Complaint created! ID: 111
[2026-01-21 05:11:05] Sending notification to managers...
[2026-01-21 05:11:05] Title: New Complaint Submitted
[2026-01-21 05:11:05] Message: New complaint: ragging at vaigai hostel
[2026-01-21 05:11:05] Manager tokens:
[2026-01-21 05:11:05]   - Manager Test (manager@test.com): NULL (no token!)
[2026-01-21 05:11:05]   - manager (manager3@gmail.com): HAS TOKEN: d0GRMjZoQmmcV9Wsnj8ZcT:APA91bF...
[2026-01-21 05:11:05]   - Manager Test (manager2@test.com): NULL (no token!)
[2026-01-21 05:11:05] Total managers found: 3
[2026-01-21 05:11:08] ========================================
[2026-01-21 05:11:08] COMPLAINT CREATE WITH PHOTO
[2026-01-21 05:11:08] ========================================
[2026-01-21 05:11:08] User ID: 9
[2026-01-21 05:11:08] Title: ragging
[2026-01-21 05:11:08] Description: seniors ragging freshers
[2026-01-21 05:11:08] Location: vaigai hostel
[2026-01-21 05:11:08] Photo uploaded: uploads/complaint_1768968668_temp_upload.jpg
[2026-01-21 05:11:08] Complaint created! ID: 112
[2026-01-21 05:11:08] Sending notification to managers...
[2026-01-21 05:11:08] Title: New Complaint Submitted
[2026-01-21 05:11:08] Message: New complaint: ragging at vaigai hostel
[2026-01-21 05:11:08] Manager tokens:
[2026-01-21 05:11:08]   - Manager Test (manager@test.com): NULL (no token!)
[2026-01-21 05:11:08]   - manager (manager3@gmail.com): HAS TOKEN: d0GRMjZoQmmcV9Wsnj8ZcT:APA91bF...
[2026-01-21 05:11:08]   - Manager Test (manager2@test.com): NULL (no token!)
[2026-01-21 05:11:08] Total managers found: 3
[2026-01-21 05:11:08] ========================================
[2026-01-21 05:11:08] COMPLAINT CREATE WITH PHOTO
[2026-01-21 05:11:08] ========================================
[2026-01-21 05:11:08] User ID: 9
[2026-01-21 05:11:08] Title: ragging
[2026-01-21 05:11:08] Description: seniors ragging freshers
[2026-01-21 05:11:08] Location: vaigai hostel
[2026-01-21 05:11:08] Photo uploaded: uploads/complaint_1768968668_temp_upload.jpg
[2026-01-21 05:11:08] Complaint created! ID: 113
[2026-01-21 05:11:08] Sending notification to managers...
[2026-01-21 05:11:08] Title: New Complaint Submitted
[2026-01-21 05:11:08] Message: New complaint: ragging at vaigai hostel
[2026-01-21 05:11:08] Manager tokens:
[2026-01-21 05:11:08]   - Manager Test (manager@test.com): NULL (no token!)
[2026-01-21 05:11:08]   - manager (manager3@gmail.com): HAS TOKEN: d0GRMjZoQmmcV9Wsnj8ZcT:APA91bF...
[2026-01-21 05:11:08]   - Manager Test (manager2@test.com): NULL (no token!)
[2026-01-21 05:11:08] Total managers found: 3
[2026-01-21 05:11:08] ========================================
[2026-01-21 05:11:08] COMPLAINT CREATE WITH PHOTO
[2026-01-21 05:11:08] ========================================
[2026-01-21 05:11:08] User ID: 9
[2026-01-21 05:11:08] Title: ragging
[2026-01-21 05:11:08] Description: seniors ragging freshers
[2026-01-21 05:11:08] Location: vaigai hostel
[2026-01-21 05:11:08] Photo uploaded: uploads/complaint_1768968668_temp_upload.jpg
[2026-01-21 05:11:08] Complaint created! ID: 114
[2026-01-21 05:11:08] Sending notification to managers...
[2026-01-21 05:11:08] Title: New Complaint Submitted
[2026-01-21 05:11:08] Message: New complaint: ragging at vaigai hostel
[2026-01-21 05:11:08] Manager tokens:
[2026-01-21 05:11:08]   - Manager Test (manager@test.com): NULL (no token!)
[2026-01-21 05:11:08]   - manager (manager3@gmail.com): HAS TOKEN: d0GRMjZoQmmcV9Wsnj8ZcT:APA91bF...
[2026-01-21 05:11:08]   - Manager Test (manager2@test.com): NULL (no token!)
[2026-01-21 05:11:08] Total managers found: 3
[2026-01-21 05:11:09] ========================================
[2026-01-21 05:11:09] COMPLAINT CREATE WITH PHOTO
[2026-01-21 05:11:09] ========================================
[2026-01-21 05:11:09] User ID: 9
[2026-01-21 05:11:09] Title: ragging
[2026-01-21 05:11:09] Description: seniors ragging freshers
[2026-01-21 05:11:09] Location: vaigai hostel
[2026-01-21 05:11:09] Photo uploaded: uploads/complaint_1768968669_temp_upload.jpg
[2026-01-21 05:11:09] Complaint created! ID: 115
[2026-01-21 05:11:09] Sending notification to managers...
[2026-01-21 05:11:09] Title: New Complaint Submitted
[2026-01-21 05:11:09] Message: New complaint: ragging at vaigai hostel
[2026-01-21 05:11:09] Manager tokens:
[2026-01-21 05:11:09]   - Manager Test (manager@test.com): NULL (no token!)
[2026-01-21 05:11:09]   - manager (manager3@gmail.com): HAS TOKEN: d0GRMjZoQmmcV9Wsnj8ZcT:APA91bF...
[2026-01-21 05:11:09]   - Manager Test (manager2@test.com): NULL (no token!)
[2026-01-21 05:11:09] Total managers found: 3
[2026-01-21 05:11:09] Notification result: FAILED
[2026-01-21 05:11:09] ========================================
[2026-01-21 05:11:09] Notification result: FAILED
[2026-01-21 05:11:09] ========================================
[2026-01-21 05:11:10] Notification result: FAILED
[2026-01-21 05:11:10] ========================================
[2026-01-21 05:11:10] Notification result: FAILED
[2026-01-21 05:11:10] ========================================
[2026-01-21 05:11:11] ========================================
[2026-01-21 05:11:11] COMPLAINT CREATE WITH PHOTO
[2026-01-21 05:11:11] ========================================
[2026-01-21 05:11:11] User ID: 9
[2026-01-21 05:11:11] Title: ragging
[2026-01-21 05:11:11] Description: seniors ragging freshers
[2026-01-21 05:11:11] Location: vaigai hostel
[2026-01-21 05:11:11] Photo uploaded: uploads/complaint_1768968671_temp_upload.jpg
[2026-01-21 05:11:11] Complaint created! ID: 116
[2026-01-21 05:11:11] Sending notification to managers...
[2026-01-21 05:11:11] Title: New Complaint Submitted
[2026-01-21 05:11:11] Message: New complaint: ragging at vaigai hostel
[2026-01-21 05:11:11] Manager tokens:
[2026-01-21 05:11:11]   - Manager Test (manager@test.com): NULL (no token!)
[2026-01-21 05:11:11]   - manager (manager3@gmail.com): HAS TOKEN: d0GRMjZoQmmcV9Wsnj8ZcT:APA91bF...
[2026-01-21 05:11:11]   - Manager Test (manager2@test.com): NULL (no token!)
[2026-01-21 05:11:11] Total managers found: 3
[2026-01-21 05:11:12] Notification result: FAILED
[2026-01-21 05:11:12] ========================================
[2026-01-21 05:11:13] ========================================
[2026-01-21 05:11:13] COMPLAINT CREATE WITH PHOTO
[2026-01-21 05:11:13] ========================================
[2026-01-21 05:11:13] User ID: 9
[2026-01-21 05:11:13] Title: ragging
[2026-01-21 05:11:13] Description: seniors ragging freshers
[2026-01-21 05:11:13] Location: vaigai hostel
[2026-01-21 05:11:13] Photo uploaded: uploads/complaint_1768968673_temp_upload.jpg
[2026-01-21 05:11:13] Complaint created! ID: 117
[2026-01-21 05:11:13] Sending notification to managers...
[2026-01-21 05:11:13] Title: New Complaint Submitted
[2026-01-21 05:11:13] Message: New complaint: ragging at vaigai hostel
[2026-01-21 05:11:13] Manager tokens:
[2026-01-21 05:11:13]   - Manager Test (manager@test.com): NULL (no token!)
[2026-01-21 05:11:13]   - manager (manager3@gmail.com): HAS TOKEN: d0GRMjZoQmmcV9Wsnj8ZcT:APA91bF...
[2026-01-21 05:11:13]   - Manager Test (manager2@test.com): NULL (no token!)
[2026-01-21 05:11:13] Total managers found: 3
[2026-01-21 05:11:13] ========================================
[2026-01-21 05:11:13] COMPLAINT CREATE WITH PHOTO
[2026-01-21 05:11:13] ========================================
[2026-01-21 05:11:13] User ID: 9
[2026-01-21 05:11:13] Title: ragging
[2026-01-21 05:11:13] Description: seniors ragging freshers
[2026-01-21 05:11:13] Location: vaigai hostel
[2026-01-21 05:11:13] Photo uploaded: uploads/complaint_1768968673_temp_upload.jpg
[2026-01-21 05:11:13] Complaint created! ID: 118
[2026-01-21 05:11:13] Sending notification to managers...
[2026-01-21 05:11:13] Title: New Complaint Submitted
[2026-01-21 05:11:13] Message: New complaint: ragging at vaigai hostel
[2026-01-21 05:11:13] Manager tokens:
[2026-01-21 05:11:13]   - Manager Test (manager@test.com): NULL (no token!)
[2026-01-21 05:11:13]   - manager (manager3@gmail.com): HAS TOKEN: d0GRMjZoQmmcV9Wsnj8ZcT:APA91bF...
[2026-01-21 05:11:13]   - Manager Test (manager2@test.com): NULL (no token!)
[2026-01-21 05:11:13] Total managers found: 3
[2026-01-21 05:11:13] ========================================
[2026-01-21 05:11:13] COMPLAINT CREATE WITH PHOTO
[2026-01-21 05:11:13] ========================================
[2026-01-21 05:11:13] User ID: 9
[2026-01-21 05:11:13] Title: ragging
[2026-01-21 05:11:13] Description: seniors ragging freshers
[2026-01-21 05:11:13] Location: vaigai hostel
[2026-01-21 05:11:13] Photo uploaded: uploads/complaint_1768968673_temp_upload.jpg
[2026-01-21 05:11:13] Complaint created! ID: 119
[2026-01-21 05:11:13] Sending notification to managers...
[2026-01-21 05:11:13] Title: New Complaint Submitted
[2026-01-21 05:11:13] Message: New complaint: ragging at vaigai hostel
[2026-01-21 05:11:13] Manager tokens:
[2026-01-21 05:11:13]   - Manager Test (manager@test.com): NULL (no token!)
[2026-01-21 05:11:13]   - manager (manager3@gmail.com): HAS TOKEN: d0GRMjZoQmmcV9Wsnj8ZcT:APA91bF...
[2026-01-21 05:11:13]   - Manager Test (manager2@test.com): NULL (no token!)
[2026-01-21 05:11:13] Total managers found: 3
[2026-01-21 05:11:13] Notification result: FAILED
[2026-01-21 05:11:13] ========================================
[2026-01-21 05:11:14] Notification result: FAILED
[2026-01-21 05:11:14] ========================================
[2026-01-21 05:11:15] ========================================
[2026-01-21 05:11:15] COMPLAINT CREATE WITH PHOTO
[2026-01-21 05:11:15] ========================================
[2026-01-21 05:11:15] User ID: 9
[2026-01-21 05:11:15] Title: ragging
[2026-01-21 05:11:15] Description: seniors ragging freshers
[2026-01-21 05:11:15] Location: vaigai hostel
[2026-01-21 05:11:15] Photo uploaded: uploads/complaint_1768968675_temp_upload.jpg
[2026-01-21 05:11:15] Complaint created! ID: 120
[2026-01-21 05:11:15] Sending notification to managers...
[2026-01-21 05:11:15] Title: New Complaint Submitted
[2026-01-21 05:11:15] Message: New complaint: ragging at vaigai hostel
[2026-01-21 05:11:15] Manager tokens:
[2026-01-21 05:11:15]   - Manager Test (manager@test.com): NULL (no token!)
[2026-01-21 05:11:15]   - manager (manager3@gmail.com): HAS TOKEN: d0GRMjZoQmmcV9Wsnj8ZcT:APA91bF...
[2026-01-21 05:11:15]   - Manager Test (manager2@test.com): NULL (no token!)
[2026-01-21 05:11:15] Total managers found: 3
[2026-01-21 05:11:15] Notification result: FAILED
[2026-01-21 05:11:15] ========================================
[2026-01-21 05:11:15] Notification result: FAILED
[2026-01-21 05:11:15] ========================================
[2026-01-21 05:11:16] ========================================
[2026-01-21 05:11:16] COMPLAINT CREATE WITH PHOTO
[2026-01-21 05:11:16] ========================================
[2026-01-21 05:11:16] User ID: 9
[2026-01-21 05:11:16] Title: ragging
[2026-01-21 05:11:16] Description: seniors ragging freshers
[2026-01-21 05:11:16] Location: vaigai hostel
[2026-01-21 05:11:16] Photo uploaded: uploads/complaint_1768968676_temp_upload.jpg
[2026-01-21 05:11:16] Complaint created! ID: 121
[2026-01-21 05:11:16] Sending notification to managers...
[2026-01-21 05:11:16] Title: New Complaint Submitted
[2026-01-21 05:11:16] Message: New complaint: ragging at vaigai hostel
[2026-01-21 05:11:16] Manager tokens:
[2026-01-21 05:11:16]   - Manager Test (manager@test.com): NULL (no token!)
[2026-01-21 05:11:16]   - manager (manager3@gmail.com): HAS TOKEN: d0GRMjZoQmmcV9Wsnj8ZcT:APA91bF...
[2026-01-21 05:11:16]   - Manager Test (manager2@test.com): NULL (no token!)
[2026-01-21 05:11:16] Total managers found: 3
[2026-01-21 05:11:17] ========================================
[2026-01-21 05:11:17] COMPLAINT CREATE WITH PHOTO
[2026-01-21 05:11:17] ========================================
[2026-01-21 05:11:17] User ID: 9
[2026-01-21 05:11:17] Title: ragging
[2026-01-21 05:11:17] Description: seniors ragging freshers
[2026-01-21 05:11:17] Location: vaigai hostel
[2026-01-21 05:11:17] Photo uploaded: uploads/complaint_1768968677_temp_upload.jpg
[2026-01-21 05:11:17] Complaint created! ID: 122
[2026-01-21 05:11:17] Sending notification to managers...
[2026-01-21 05:11:17] Title: New Complaint Submitted
[2026-01-21 05:11:17] Message: New complaint: ragging at vaigai hostel
[2026-01-21 05:11:17] Manager tokens:
[2026-01-21 05:11:17]   - Manager Test (manager@test.com): NULL (no token!)
[2026-01-21 05:11:17]   - manager (manager3@gmail.com): HAS TOKEN: d0GRMjZoQmmcV9Wsnj8ZcT:APA91bF...
[2026-01-21 05:11:17]   - Manager Test (manager2@test.com): NULL (no token!)
[2026-01-21 05:11:17] Total managers found: 3
[2026-01-21 05:11:17] Notification result: FAILED
[2026-01-21 05:11:17] ========================================
[2026-01-21 05:11:18] ========================================
[2026-01-21 05:11:18] COMPLAINT CREATE WITH PHOTO
[2026-01-21 05:11:18] ========================================
[2026-01-21 05:11:18] User ID: 9
[2026-01-21 05:11:18] Title: ragging
[2026-01-21 05:11:18] Description: seniors ragging freshers
[2026-01-21 05:11:18] Location: vaigai hostel
[2026-01-21 05:11:18] Photo uploaded: uploads/complaint_1768968678_temp_upload.jpg
[2026-01-21 05:11:18] ========================================
[2026-01-21 05:11:18] Complaint created! ID: 123
[2026-01-21 05:11:18] Sending notification to managers...
[2026-01-21 05:11:18] Title: New Complaint Submitted
[2026-01-21 05:11:18] Message: New complaint: ragging at vaigai hostel
[2026-01-21 05:11:18] Manager tokens:
[2026-01-21 05:11:18]   - Manager Test (manager@test.com): NULL (no token!)
[2026-01-21 05:11:18]   - manager (manager3@gmail.com): HAS TOKEN: d0GRMjZoQmmcV9Wsnj8ZcT:APA91bF...
[2026-01-21 05:11:18]   - Manager Test (manager2@test.com): NULL (no token!)
[2026-01-21 05:11:18] COMPLAINT CREATE WITH PHOTO
[2026-01-21 05:11:18] ========================================
[2026-01-21 05:11:18] User ID: 9
[2026-01-21 05:11:18] Title: ragging
[2026-01-21 05:11:18] Description: seniors ragging freshers
[2026-01-21 05:11:18] Location: vaigai hostel
[2026-01-21 05:11:18] Total managers found: 3
[2026-01-21 05:11:18] Photo uploaded: uploads/complaint_1768968678_temp_upload.jpg
[2026-01-21 05:11:18] Complaint created! ID: 124
[2026-01-21 05:11:18] Sending notification to managers...
[2026-01-21 05:11:18] Title: New Complaint Submitted
[2026-01-21 05:11:18] Message: New complaint: ragging at vaigai hostel
[2026-01-21 05:11:18] Manager tokens:
[2026-01-21 05:11:18]   - Manager Test (manager@test.com): NULL (no token!)
[2026-01-21 05:11:18]   - manager (manager3@gmail.com): HAS TOKEN: d0GRMjZoQmmcV9Wsnj8ZcT:APA91bF...
[2026-01-21 05:11:18]   - Manager Test (manager2@test.com): NULL (no token!)
[2026-01-21 05:11:18] Total managers found: 3
[2026-01-21 05:11:19] Notification result: FAILED
[2026-01-21 05:11:19] Notification result: FAILED
[2026-01-21 05:11:19] ========================================
[2026-01-21 05:11:19] ========================================
[2026-01-21 05:11:19] ========================================
[2026-01-21 05:11:19] COMPLAINT CREATE WITH PHOTO
[2026-01-21 05:11:19] ========================================
[2026-01-21 05:11:19] User ID: 9
[2026-01-21 05:11:19] Title: ragging
[2026-01-21 05:11:19] Description: seniors ragging freshers
[2026-01-21 05:11:19] Location: vaigai hostel
[2026-01-21 05:11:19] Photo uploaded: uploads/complaint_1768968679_temp_upload.jpg
[2026-01-21 05:11:19] Complaint created! ID: 125
[2026-01-21 05:11:19] Sending notification to managers...
[2026-01-21 05:11:19] Title: New Complaint Submitted
[2026-01-21 05:11:19] Message: New complaint: ragging at vaigai hostel
[2026-01-21 05:11:19] Manager tokens:
[2026-01-21 05:11:19]   - Manager Test (manager@test.com): NULL (no token!)
[2026-01-21 05:11:19]   - manager (manager3@gmail.com): HAS TOKEN: d0GRMjZoQmmcV9Wsnj8ZcT:APA91bF...
[2026-01-21 05:11:19]   - Manager Test (manager2@test.com): NULL (no token!)
[2026-01-21 05:11:19] Total managers found: 3
[2026-01-21 05:11:20] Notification result: FAILED
[2026-01-21 05:11:20] ========================================
[2026-01-21 05:11:20] Notification result: FAILED
[2026-01-21 05:11:20] ========================================
[2026-01-21 05:11:20] ========================================
[2026-01-21 05:11:20] COMPLAINT CREATE WITH PHOTO
[2026-01-21 05:11:20] ========================================
[2026-01-21 05:11:20] User ID: 9
[2026-01-21 05:11:20] Title: ragging
[2026-01-21 05:11:20] Description: seniors ragging freshers
[2026-01-21 05:11:20] Location: vaigai hostel
[2026-01-21 05:11:20] Photo uploaded: uploads/complaint_1768968680_temp_upload.jpg
[2026-01-21 05:11:20] Complaint created! ID: 126
[2026-01-21 05:11:20] Sending notification to managers...
[2026-01-21 05:11:20] Title: New Complaint Submitted
[2026-01-21 05:11:20] Message: New complaint: ragging at vaigai hostel
[2026-01-21 05:11:20] Manager tokens:
[2026-01-21 05:11:20]   - Manager Test (manager@test.com): NULL (no token!)
[2026-01-21 05:11:20]   - manager (manager3@gmail.com): HAS TOKEN: d0GRMjZoQmmcV9Wsnj8ZcT:APA91bF...
[2026-01-21 05:11:20]   - Manager Test (manager2@test.com): NULL (no token!)
[2026-01-21 05:11:20] Total managers found: 3
[2026-01-21 05:11:21] Notification result: FAILED
[2026-01-21 05:11:21] ========================================
[2026-01-21 05:11:24] ========================================
[2026-01-21 05:11:24] COMPLAINT CREATE WITH PHOTO
[2026-01-21 05:11:24] ========================================
[2026-01-21 05:11:24] User ID: 9
[2026-01-21 05:11:24] Title: ragging
[2026-01-21 05:11:24] Description: seniors ragging freshers
[2026-01-21 05:11:24] Location: vaigai hostel
[2026-01-21 05:11:24] Photo uploaded: uploads/complaint_1768968684_temp_upload.jpg
[2026-01-21 05:11:24] Complaint created! ID: 127
[2026-01-21 05:11:24] Sending notification to managers...
[2026-01-21 05:11:24] Title: New Complaint Submitted
[2026-01-21 05:11:24] Message: New complaint: ragging at vaigai hostel
[2026-01-21 05:11:24] Manager tokens:
[2026-01-21 05:11:24]   - Manager Test (manager@test.com): NULL (no token!)
[2026-01-21 05:11:24]   - manager (manager3@gmail.com): HAS TOKEN: d0GRMjZoQmmcV9Wsnj8ZcT:APA91bF...
[2026-01-21 05:11:24]   - Manager Test (manager2@test.com): NULL (no token!)
[2026-01-21 05:11:24] Total managers found: 3
[2026-01-21 05:11:24] ========================================
[2026-01-21 05:11:24] COMPLAINT CREATE WITH PHOTO
[2026-01-21 05:11:24] ========================================
[2026-01-21 05:11:24] User ID: 9
[2026-01-21 05:11:24] Title: ragging
[2026-01-21 05:11:24] Description: seniors ragging freshers
[2026-01-21 05:11:24] Location: vaigai hostel
[2026-01-21 05:11:24] Photo uploaded: uploads/complaint_1768968684_temp_upload.jpg
[2026-01-21 05:11:24] Complaint created! ID: 128
[2026-01-21 05:11:24] Sending notification to managers...
[2026-01-21 05:11:24] Title: New Complaint Submitted
[2026-01-21 05:11:24] Message: New complaint: ragging at vaigai hostel
[2026-01-21 05:11:24] Manager tokens:
[2026-01-21 05:11:24]   - Manager Test (manager@test.com): NULL (no token!)
[2026-01-21 05:11:24]   - manager (manager3@gmail.com): HAS TOKEN: d0GRMjZoQmmcV9Wsnj8ZcT:APA91bF...
[2026-01-21 05:11:24]   - Manager Test (manager2@test.com): NULL (no token!)
[2026-01-21 05:11:24] Total managers found: 3
[2026-01-21 05:11:25] Notification result: FAILED
[2026-01-21 05:11:25] ========================================
[2026-01-21 05:11:26] ========================================
[2026-01-21 05:11:26] COMPLAINT CREATE WITH PHOTO
[2026-01-21 05:11:26] ========================================
[2026-01-21 05:11:26] User ID: 9
[2026-01-21 05:11:26] Title: ragging
[2026-01-21 05:11:26] Description: seniors ragging freshers
[2026-01-21 05:11:26] Location: vaigai hostel
[2026-01-21 05:11:26] Photo uploaded: uploads/complaint_1768968686_temp_upload.jpg
[2026-01-21 05:11:26] Complaint created! ID: 129
[2026-01-21 05:11:26] Sending notification to managers...
[2026-01-21 05:11:26] Title: New Complaint Submitted
[2026-01-21 05:11:26] Message: New complaint: ragging at vaigai hostel
[2026-01-21 05:11:26] Manager tokens:
[2026-01-21 05:11:26]   - Manager Test (manager@test.com): NULL (no token!)
[2026-01-21 05:11:26]   - manager (manager3@gmail.com): HAS TOKEN: d0GRMjZoQmmcV9Wsnj8ZcT:APA91bF...
[2026-01-21 05:11:26]   - Manager Test (manager2@test.com): NULL (no token!)
[2026-01-21 05:11:26] Total managers found: 3
[2026-01-21 05:11:26] ========================================
[2026-01-21 05:11:26] COMPLAINT CREATE WITH PHOTO
[2026-01-21 05:11:26] ========================================
[2026-01-21 05:11:26] User ID: 9
[2026-01-21 05:11:26] Title: ragging
[2026-01-21 05:11:26] Description: seniors ragging freshers
[2026-01-21 05:11:26] Location: vaigai hostel
[2026-01-21 05:11:26] Photo uploaded: uploads/complaint_1768968686_temp_upload.jpg
[2026-01-21 05:11:26] Complaint created! ID: 130
[2026-01-21 05:11:26] Sending notification to managers...
[2026-01-21 05:11:26] Title: New Complaint Submitted
[2026-01-21 05:11:26] Message: New complaint: ragging at vaigai hostel
[2026-01-21 05:11:26] Manager tokens:
[2026-01-21 05:11:26]   - Manager Test (manager@test.com): NULL (no token!)
[2026-01-21 05:11:26]   - manager (manager3@gmail.com): HAS TOKEN: d0GRMjZoQmmcV9Wsnj8ZcT:APA91bF...
[2026-01-21 05:11:26]   - Manager Test (manager2@test.com): NULL (no token!)
[2026-01-21 05:11:26] Total managers found: 3
[2026-01-21 05:11:27] Notification result: FAILED
[2026-01-21 05:11:27] ========================================
[2026-01-21 05:11:27] ========================================
[2026-01-21 05:11:27] COMPLAINT CREATE WITH PHOTO
[2026-01-21 05:11:27] ========================================
[2026-01-21 05:11:27] User ID: 9
[2026-01-21 05:11:27] Title: ragging
[2026-01-21 05:11:27] Description: seniors ragging freshers
[2026-01-21 05:11:27] Location: vaigai hostel
[2026-01-21 05:11:27] Photo uploaded: uploads/complaint_1768968687_temp_upload.jpg
[2026-01-21 05:11:27] Complaint created! ID: 131
[2026-01-21 05:11:27] Sending notification to managers...
[2026-01-21 05:11:27] Title: New Complaint Submitted
[2026-01-21 05:11:27] Message: New complaint: ragging at vaigai hostel
[2026-01-21 05:11:27] Manager tokens:
[2026-01-21 05:11:27]   - Manager Test (manager@test.com): NULL (no token!)
[2026-01-21 05:11:27]   - manager (manager3@gmail.com): HAS TOKEN: d0GRMjZoQmmcV9Wsnj8ZcT:APA91bF...
[2026-01-21 05:11:27]   - Manager Test (manager2@test.com): NULL (no token!)
[2026-01-21 05:11:27] Total managers found: 3
[2026-01-21 05:11:27] Notification result: FAILED
[2026-01-21 05:11:27] ========================================
[2026-01-21 05:11:29] Notification result: FAILED
[2026-01-21 05:11:29] ========================================
[2026-01-21 05:11:29] Notification result: FAILED
[2026-01-21 05:11:29] ========================================
[2026-01-21 05:11:30] ========================================
[2026-01-21 05:11:30] COMPLAINT CREATE WITH PHOTO
[2026-01-21 05:11:30] ========================================
[2026-01-21 05:11:30] User ID: 9
[2026-01-21 05:11:30] Title: ragging
[2026-01-21 05:11:30] Description: seniors ragging freshers
[2026-01-21 05:11:30] Location: vaigai hostel
[2026-01-21 05:11:30] Photo uploaded: uploads/complaint_1768968690_temp_upload.jpg
[2026-01-21 05:11:30] Complaint created! ID: 132
[2026-01-21 05:11:30] Sending notification to managers...
[2026-01-21 05:11:30] Title: New Complaint Submitted
[2026-01-21 05:11:30] Message: New complaint: ragging at vaigai hostel
[2026-01-21 05:11:30] Manager tokens:
[2026-01-21 05:11:30]   - Manager Test (manager@test.com): NULL (no token!)
[2026-01-21 05:11:30]   - manager (manager3@gmail.com): HAS TOKEN: d0GRMjZoQmmcV9Wsnj8ZcT:APA91bF...
[2026-01-21 05:11:30]   - Manager Test (manager2@test.com): NULL (no token!)
[2026-01-21 05:11:30] Total managers found: 3
[2026-01-21 05:11:30] ========================================
[2026-01-21 05:11:30] COMPLAINT CREATE WITH PHOTO
[2026-01-21 05:11:30] ========================================
[2026-01-21 05:11:30] User ID: 9
[2026-01-21 05:11:30] Title: ragging
[2026-01-21 05:11:30] Description: seniors ragging freshers
[2026-01-21 05:11:30] Location: vaigai hostel
[2026-01-21 05:11:31] Photo uploaded: uploads/complaint_1768968690_temp_upload.jpg
[2026-01-21 05:11:31] Complaint created! ID: 133
[2026-01-21 05:11:31] Sending notification to managers...
[2026-01-21 05:11:31] Title: New Complaint Submitted
[2026-01-21 05:11:31] Message: New complaint: ragging at vaigai hostel
[2026-01-21 05:11:31] Manager tokens:
[2026-01-21 05:11:31]   - Manager Test (manager@test.com): NULL (no token!)
[2026-01-21 05:11:31]   - manager (manager3@gmail.com): HAS TOKEN: d0GRMjZoQmmcV9Wsnj8ZcT:APA91bF...
[2026-01-21 05:11:31]   - Manager Test (manager2@test.com): NULL (no token!)
[2026-01-21 05:11:31] Total managers found: 3
[2026-01-21 05:11:31] Notification result: FAILED
[2026-01-21 05:11:31] ========================================
[2026-01-21 05:11:32] ========================================
[2026-01-21 05:11:32] COMPLAINT CREATE WITH PHOTO
[2026-01-21 05:11:32] ========================================
[2026-01-21 05:11:32] User ID: 9
[2026-01-21 05:11:32] Title: ragging
[2026-01-21 05:11:32] Description: seniors ragging freshers
[2026-01-21 05:11:32] Location: vaigai hostel
[2026-01-21 05:11:32] Photo uploaded: uploads/complaint_1768968692_temp_upload.jpg
[2026-01-21 05:11:32] Complaint created! ID: 134
[2026-01-21 05:11:32] Sending notification to managers...
[2026-01-21 05:11:32] Title: New Complaint Submitted
[2026-01-21 05:11:32] Message: New complaint: ragging at vaigai hostel
[2026-01-21 05:11:32] Manager tokens:
[2026-01-21 05:11:32]   - Manager Test (manager@test.com): NULL (no token!)
[2026-01-21 05:11:32]   - manager (manager3@gmail.com): HAS TOKEN: d0GRMjZoQmmcV9Wsnj8ZcT:APA91bF...
[2026-01-21 05:11:32]   - Manager Test (manager2@test.com): NULL (no token!)
[2026-01-21 05:11:32] Total managers found: 3
[2026-01-21 05:11:33] Notification result: FAILED
[2026-01-21 05:11:33] ========================================
[2026-01-21 05:11:33] Notification result: FAILED
[2026-01-21 05:11:33] Notification result: FAILED
[2026-01-21 05:11:33] ========================================
[2026-01-21 05:11:33] ========================================
[2026-01-21 05:11:33] ========================================
[2026-01-21 05:11:33] COMPLAINT CREATE WITH PHOTO
[2026-01-21 05:11:33] ========================================
[2026-01-21 05:11:33] User ID: 9
[2026-01-21 05:11:33] Title: ragging
[2026-01-21 05:11:33] Description: seniors ragging freshers
[2026-01-21 05:11:33] Location: vaigai hostel
[2026-01-21 05:11:33] Photo uploaded: uploads/complaint_1768968693_temp_upload.jpg
[2026-01-21 05:11:33] Complaint created! ID: 135
[2026-01-21 05:11:33] Sending notification to managers...
[2026-01-21 05:11:33] Title: New Complaint Submitted
[2026-01-21 05:11:33] Message: New complaint: ragging at vaigai hostel
[2026-01-21 05:11:33] Manager tokens:
[2026-01-21 05:11:33]   - Manager Test (manager@test.com): NULL (no token!)
[2026-01-21 05:11:33]   - manager (manager3@gmail.com): HAS TOKEN: d0GRMjZoQmmcV9Wsnj8ZcT:APA91bF...
[2026-01-21 05:11:33]   - Manager Test (manager2@test.com): NULL (no token!)
[2026-01-21 05:11:33] Total managers found: 3
[2026-01-21 05:11:35] Notification result: FAILED
[2026-01-21 05:11:35] ========================================
